// Jest Snapshot v1, https://goo.gl/fbAQLP

exports[`Panel renders correctly 1`] = `
<DocumentFragment>
  <div
    class="o-panel-container"
    data-name="panel"
    style="height: 200px;"
  >
    <div
      class="o-panel"
    >
      Lorem ipsum dolor sit amet, consectetur adipisicing elit. Cupiditate harum iure molestias nihil quasi? Delectus impedit minus molestiae, possimus provident quidem vero. Ab dignissimos reprehenderit voluptatem. Assumenda commodi explicabo ullam!
    </div>
  </div>
</DocumentFragment>
`;
