// Jest Snapshot v1, https://goo.gl/fbAQLP

exports[`Table renders a condensed table 1`] = `
<DocumentFragment>
  <table
    class="c-table c-table--condensed"
    data-name="table"
  >
    <caption
      class="c-table__caption"
      data-name="table-caption"
    >
      Small table and text
    </caption>
    <thead
      class="c-table__head"
      data-name="table-header"
    >
      <tr
        class="c-table__row c-table__row--heading"
        data-name="table-row"
      >
        <th
          class="c-table__cell"
          data-name="table-headercell"
        >
          First name
        </th>
        <th
          class="c-table__cell"
          data-name="table-headercell"
        >
          Last name
        </th>
        <th
          class="c-table__cell"
          data-name="table-headercell"
        >
          Username
        </th>
      </tr>
    </thead>
    <tbody
      class="c-table__body"
      data-name="table-body"
    >
      <tr
        class="c-table__row"
        data-name="table-row"
      >
        <td
          class="c-table__cell"
          data-name="table-cell"
        >
          Jim
        </td>
        <td
          class="c-table__cell"
          data-name="table-cell"
        >
          Kirk
        </td>
        <td
          class="c-table__cell"
          data-name="table-cell"
        >
          @captaink
        </td>
      </tr>
      <tr
        class="c-table__row"
        data-name="table-row"
      >
        <td
          class="c-table__cell"
          data-name="table-cell"
        >
          Mr.
        </td>
        <td
          class="c-table__cell"
          data-name="table-cell"
        >
          Spock
        </td>
        <td
          class="c-table__cell"
          data-name="table-cell"
        >
          @science101
        </td>
      </tr>
      <tr
        class="c-table__row"
        data-name="table-row"
      >
        <td
          class="c-table__cell"
          data-name="table-cell"
        >
          Nyota
        </td>
        <td
          class="c-table__cell"
          data-name="table-cell"
        >
          Uhura
        </td>
        <td
          class="c-table__cell"
          data-name="table-cell"
        >
          @comms
        </td>
      </tr>
    </tbody>
  </table>
</DocumentFragment>
`;

exports[`Table renders correctly 1`] = `
<DocumentFragment>
  <table
    class="c-table"
    data-name="table"
  />
  lorem
   
  ipsum
   
  dolor
</DocumentFragment>
`;
