// Jest Snapshot v1, https://goo.gl/fbAQLP

exports[`Breadcrumbs renders correctly 1`] = `
<DocumentFragment>
  <nav
    aria-label="Breadcrumb"
    data-name="breadcrumbs"
  >
    <ol
      class="c-breadcrumbs"
    >
      <li
        class="c-breadcrumbs__crumb"
        data-name="breadcrumbs-item"
      >
        <a
          href="/lorem"
        >
          lorem
        </a>
      </li>
      <li
        class="c-breadcrumbs__crumb"
        data-name="breadcrumbs-item"
      >
        <a
          href="/ipsum"
        >
          ipsum
        </a>
      </li>
      <li
        aria-current="page"
        class="c-breadcrumbs__crumb"
        data-name="breadcrumbs-item"
      >
        dolor
      </li>
    </ol>
  </nav>
</DocumentFragment>
`;
